This file contains any messages produced by compilers while
running configure, to aid debugging if configure makes a mistake.

It was created by wavedump configure v3.12.0, which was
generated by GNU Autoconf 2.69.  Invocation command line was

  $ ./configure 

## --------- ##
## Platform. ##
## --------- ##

hostname = ruben-lenovo
uname -m = x86_64
uname -r = 7.0.0-28-generic
uname -s = Linux
uname -v = #28~24.04.1-Ubuntu SMP PREEMPT_DYNAMIC Wed Jul  1 15:50:57 UTC 2

/usr/bin/uname -p = x86_64
/bin/uname -X     = unknown

/bin/arch              = x86_64
/usr/bin/arch -k       = unknown
/usr/convex/getsysinfo = unknown
/usr/bin/hostinfo      = unknown
/bin/machine           = unknown
/usr/bin/oslevel       = unknown
/bin/universe          = unknown

PATH: /home/ruben/.nvm/versions/node/v14.21.3/bin
PATH: /home/ruben/.local/bin
PATH: /usr/local/sbin
PATH: /usr/local/bin
PATH: /usr/sbin
PATH: /usr/bin
PATH: /sbin
PATH: /bin
PATH: /usr/games
PATH: /usr/local/games
PATH: /snap/bin


## ----------- ##
## Core tests. ##
## ----------- ##

configure:2137: checking for a BSD-compatible install
configure:2205: result: /usr/bin/install -c
configure:2216: checking whether build environment is sane
configure:2271: result: yes
configure:2422: checking for a thread-safe mkdir -p
configure:2461: result: /usr/bin/mkdir -p
configure:2468: checking for gawk
configure:2484: found /usr/bin/gawk
configure:2495: result: gawk
configure:2506: checking whether make sets $(MAKE)
configure:2528: result: yes
configure:2557: checking whether make supports nested variables
configure:2574: result: yes
configure:2663: checking whether UID '1000' is supported by ustar format
configure:2666: result: yes
configure:2673: checking whether GID '1000' is supported by ustar format
configure:2676: result: yes
configure:2684: checking how to create a ustar tar archive
configure:2695: tar --version
tar (GNU tar) 1.35
Copyright (C) 2023 Free Software Foundation, Inc.
License GPLv3+: GNU GPL version 3 or later <https://gnu.org/licenses/gpl.html>.
This is free software: you are free to change and redistribute it.
There is NO WARRANTY, to the extent permitted by law.

Written by John Gilmore and Jay Fenlason.
configure:2698: $? = 0
configure:2738: tardir=conftest.dir && eval tar --format=ustar -chf - "$tardir" >conftest.tar
configure:2741: $? = 0
configure:2745: tar -xf - <conftest.tar
configure:2748: $? = 0
configure:2750: cat conftest.dir/file
GrepMe
configure:2753: $? = 0
configure:2766: result: gnutar
configure:2865: checking for gcc
configure:2881: found /usr/bin/gcc
configure:2892: result: gcc
configure:3121: checking for C compiler version
configure:3130: gcc --version >&5
gcc (Ubuntu 13.3.0-6ubuntu2~24.04.1) 13.3.0
Copyright (C) 2023 Free Software Foundation, Inc.
This is free software; see the source for copying conditions.  There is NO
warranty; not even for MERCHANTABILITY or FITNESS FOR A PARTICULAR PURPOSE.

configure:3141: $? = 0
configure:3130: gcc -v >&5
Using built-in specs.
COLLECT_GCC=gcc
COLLECT_LTO_WRAPPER=/usr/libexec/gcc/x86_64-linux-gnu/13/lto-wrapper
OFFLOAD_TARGET_NAMES=nvptx-none:amdgcn-amdhsa
OFFLOAD_TARGET_DEFAULT=1
Target: x86_64-linux-gnu
Configured with: ../src/configure -v --with-pkgversion='Ubuntu 13.3.0-6ubuntu2~24.04.1' --with-bugurl=file:///usr/share/doc/gcc-13/README.Bugs --enable-languages=c,ada,c++,go,d,fortran,objc,obj-c++,m2 --prefix=/usr --with-gcc-major-version-only --program-suffix=-13 --program-prefix=x86_64-linux-gnu- --enable-shared --enable-linker-build-id --libexecdir=/usr/libexec --without-included-gettext --enable-threads=posix --libdir=/usr/lib --enable-nls --enable-bootstrap --enable-clocale=gnu --enable-libstdcxx-debug --enable-libstdcxx-time=yes --with-default-libstdcxx-abi=new --enable-libstdcxx-backtrace --enable-gnu-unique-object --disable-vtable-verify --enable-plugin --enable-default-pie --with-system-zlib --enable-libphobos-checking=release --with-target-system-zlib=auto --enable-objc-gc=auto --enable-multiarch --disable-werror --enable-cet --with-arch-32=i686 --with-abi=m64 --with-multilib-list=m32,m64,mx32 --enable-multilib --with-tune=generic --enable-offload-targets=nvptx-none=/build/gcc-13-EldibY/gcc-13-13.3.0/debian/tmp-nvptx/usr,amdgcn-amdhsa=/build/gcc-13-EldibY/gcc-13-13.3.0/debian/tmp-gcn/usr --enable-offload-defaulted --without-cuda-driver --enable-checking=release --build=x86_64-linux-gnu --host=x86_64-linux-gnu --target=x86_64-linux-gnu --with-build-config=bootstrap-lto-lean --enable-link-serialization=2
Thread model: posix
Supported LTO compression algorithms: zlib zstd
gcc version 13.3.0 (Ubuntu 13.3.0-6ubuntu2~24.04.1) 
... rest of stderr output deleted ...
configure:3141: $? = 0
configure:3130: gcc -V >&5
gcc: error: unrecognized command-line option '-V'
gcc: fatal error: no input files
compilation terminated.
configure:3141: $? = 1
configure:3130: gcc -qversion >&5
gcc: error: unrecognized command-line option '-qversion'; did you mean '--version'?
gcc: fatal error: no input files
compilation terminated.
configure:3141: $? = 1
configure:3161: checking whether the C compiler works
configure:3183: gcc    conftest.c  >&5
configure:3187: $? = 0
configure:3235: result: yes
configure:3238: checking for C compiler default output file name
configure:3240: result: a.out
configure:3246: checking for suffix of executables
configure:3253: gcc -o conftest    conftest.c  >&5
configure:3257: $? = 0
configure:3279: result: 
configure:3301: checking whether we are cross compiling
configure:3309: gcc -o conftest    conftest.c  >&5
configure:3313: $? = 0
configure:3320: ./conftest
configure:3324: $? = 0
configure:3339: result: no
configure:3344: checking for suffix of object files
configure:3366: gcc -c   conftest.c >&5
configure:3370: $? = 0
configure:3391: result: o
configure:3395: checking whether we are using the GNU C compiler
configure:3414: gcc -c   conftest.c >&5
configure:3414: $? = 0
configure:3423: result: yes
configure:3432: checking whether gcc accepts -g
configure:3452: gcc -c -g  conftest.c >&5
configure:3452: $? = 0
configure:3493: result: yes
configure:3510: checking for gcc option to accept ISO C89
configure:3573: gcc  -c -g -O2  conftest.c >&5
configure:3573: $? = 0
configure:3586: result: none needed
configure:3611: checking whether gcc understands -c and -o together
configure:3633: gcc -c conftest.c -o conftest2.o
configure:3636: $? = 0
configure:3633: gcc -c conftest.c -o conftest2.o
configure:3636: $? = 0
configure:3648: result: yes
configure:3676: checking for style of include used by make
configure:3704: result: GNU
configure:3730: checking dependency style of gcc
configure:3841: result: gcc3
configure:3856: checking for gcc option to accept ISO C99
configure:4005: gcc  -c -g -O2  conftest.c >&5
configure:4005: $? = 0
configure:4018: result: none needed
configure:4040: checking for library containing sqrt
configure:4071: gcc -o conftest -g -O2   conftest.c  >&5
conftest.c:19:6: warning: conflicting types for built-in function 'sqrt'; expected 'double(double)' [-Wbuiltin-declaration-mismatch]
   19 | char sqrt ();
      |      ^~~~
conftest.c:1:1: note: 'sqrt' is declared in header '<math.h>'
    1 | /* confdefs.h */
/usr/bin/ld: /tmp/ccvGOYVT.o: in function `main':
/home/ruben/Documents/CAEN/wavedump-v3.12.0/conftest.c:23:(.text.startup+0xb): undefined reference to `sqrt'
collect2: error: ld returned 1 exit status
configure:4071: $? = 1
configure: failed program was:
| /* confdefs.h */
| #define PACKAGE_NAME "wavedump"
| #define PACKAGE_TARNAME "wavedump"
| #define PACKAGE_VERSION "v3.12.0"
| #define PACKAGE_STRING "wavedump v3.12.0"
| #define PACKAGE_BUGREPORT "support.computing@caen.it"
| #define PACKAGE_URL ""
| #define PACKAGE "wavedump"
| #define VERSION "v3.12.0"
| #define LINUX 1
| /* end confdefs.h.  */
| 
| /* Override any GCC internal prototype to avoid an error.
|    Use char because int might match the return type of a GCC
|    builtin and then its argument prototype would still apply.  */
| #ifdef __cplusplus
| extern "C"
| #endif
| char sqrt ();
| int
| main ()
| {
| return sqrt ();
|   ;
|   return 0;
| }
configure:4071: gcc -o conftest -g -O2   conftest.c -lm   >&5
conftest.c:19:6: warning: conflicting types for built-in function 'sqrt'; expected 'double(double)' [-Wbuiltin-declaration-mismatch]
   19 | char sqrt ();
      |      ^~~~
conftest.c:1:1: note: 'sqrt' is declared in header '<math.h>'
    1 | /* confdefs.h */
configure:4071: $? = 0
configure:4088: result: -lm
configure:4100: checking build system type
configure:4114: result: x86_64-unknown-linux-gnu
configure:4134: checking host system type
configure:4147: result: x86_64-unknown-linux-gnu
configure:4279: checking if compiler needs -Werror to reject unknown flags
configure:4295: gcc -c -g -O2 -Werror -Wunknown-warning-option -Wsizeof-array-argument  conftest.c >&5
gcc: error: unrecognized command-line option '-Wunknown-warning-option'
configure:4295: $? = 1
configure: failed program was:
| /* confdefs.h */
| #define PACKAGE_NAME "wavedump"
| #define PACKAGE_TARNAME "wavedump"
| #define PACKAGE_VERSION "v3.12.0"
| #define PACKAGE_STRING "wavedump v3.12.0"
| #define PACKAGE_BUGREPORT "support.computing@caen.it"
| #define PACKAGE_URL ""
| #define PACKAGE "wavedump"
| #define VERSION "v3.12.0"
| #define LINUX 1
| /* end confdefs.h.  */
| int foo(void);
| int
| main ()
| {
| foo()
|   ;
|   return 0;
| }
configure:4300: result: no
configure:4366: checking for the pthreads library -lpthreads
configure:4404: gcc -o conftest -g -O2     conftest.c -lpthreads -lm  >&5
/usr/bin/ld: cannot find -lpthreads: No such file or directory
collect2: error: ld returned 1 exit status
configure:4404: $? = 1
configure: failed program was:
| /* confdefs.h */
| #define PACKAGE_NAME "wavedump"
| #define PACKAGE_TARNAME "wavedump"
| #define PACKAGE_VERSION "v3.12.0"
| #define PACKAGE_STRING "wavedump v3.12.0"
| #define PACKAGE_BUGREPORT "support.computing@caen.it"
| #define PACKAGE_URL ""
| #define PACKAGE "wavedump"
| #define VERSION "v3.12.0"
| #define LINUX 1
| /* end confdefs.h.  */
| #include <pthread.h>
|                         static void routine(void *a) { a = 0; }
|                         static void *start_routine(void *a) { return a; }
| int
| main ()
| {
| pthread_t th; pthread_attr_t attr;
|                         pthread_create(&th, 0, start_routine, 0);
|                         pthread_join(th, 0);
|                         pthread_attr_init(&attr);
|                         pthread_cleanup_push(routine, 0);
|                         pthread_cleanup_pop(0) /* ; */
|   ;
|   return 0;
| }
configure:4413: result: no
configure:4311: checking whether pthreads work without any flags
configure:4404: gcc -o conftest -g -O2     conftest.c  -lm  >&5
configure:4404: $? = 0
configure:4413: result: yes
configure:4432: checking for joinable pthread attribute
configure:4447: gcc -o conftest -g -O2    conftest.c  -lm  >&5
configure:4447: $? = 0
configure:4453: result: PTHREAD_CREATE_JOINABLE
configure:4463: checking if more special flags are required for pthreads
configure:4478: result: no
configure:4484: checking for PTHREAD_PRIO_INHERIT
configure:4501: gcc -o conftest -g -O2    conftest.c  -lm  >&5
configure:4501: $? = 0
configure:4510: result: yes
configure:4618: checking how to run the C preprocessor
configure:4649: gcc -E  conftest.c
configure:4649: $? = 0
configure:4663: gcc -E  conftest.c
conftest.c:14:10: fatal error: ac_nonexistent.h: No such file or directory
   14 | #include <ac_nonexistent.h>
      |          ^~~~~~~~~~~~~~~~~~
compilation terminated.
configure:4663: $? = 1
configure: failed program was:
| /* confdefs.h */
| #define PACKAGE_NAME "wavedump"
| #define PACKAGE_TARNAME "wavedump"
| #define PACKAGE_VERSION "v3.12.0"
| #define PACKAGE_STRING "wavedump v3.12.0"
| #define PACKAGE_BUGREPORT "support.computing@caen.it"
| #define PACKAGE_URL ""
| #define PACKAGE "wavedump"
| #define VERSION "v3.12.0"
| #define LINUX 1
| #define HAVE_PTHREAD_PRIO_INHERIT 1
| #define HAVE_PTHREAD 1
| /* end confdefs.h.  */
| #include <ac_nonexistent.h>
configure:4688: result: gcc -E
configure:4708: gcc -E  conftest.c
configure:4708: $? = 0
configure:4722: gcc -E  conftest.c
conftest.c:14:10: fatal error: ac_nonexistent.h: No such file or directory
   14 | #include <ac_nonexistent.h>
      |          ^~~~~~~~~~~~~~~~~~
compilation terminated.
configure:4722: $? = 1
configure: failed program was:
| /* confdefs.h */
| #define PACKAGE_NAME "wavedump"
| #define PACKAGE_TARNAME "wavedump"
| #define PACKAGE_VERSION "v3.12.0"
| #define PACKAGE_STRING "wavedump v3.12.0"
| #define PACKAGE_BUGREPORT "support.computing@caen.it"
| #define PACKAGE_URL ""
| #define PACKAGE "wavedump"
| #define VERSION "v3.12.0"
| #define LINUX 1
| #define HAVE_PTHREAD_PRIO_INHERIT 1
| #define HAVE_PTHREAD 1
| /* end confdefs.h.  */
| #include <ac_nonexistent.h>
configure:4751: checking for grep that handles long lines and -e
configure:4809: result: /usr/bin/grep
configure:4814: checking for egrep
configure:4876: result: /usr/bin/grep -E
configure:4881: checking for ANSI C header files
configure:4901: gcc -c -g -O2  conftest.c >&5
configure:4901: $? = 0
configure:4974: gcc -o conftest -g -O2   conftest.c -lm  >&5
configure:4974: $? = 0
configure:4974: ./conftest
configure:4974: $? = 0
configure:4985: result: yes
configure:4998: checking for sys/types.h
configure:4998: gcc -c -g -O2  conftest.c >&5
configure:4998: $? = 0
configure:4998: result: yes
configure:4998: checking for sys/stat.h
configure:4998: gcc -c -g -O2  conftest.c >&5
configure:4998: $? = 0
configure:4998: result: yes
configure:4998: checking for stdlib.h
configure:4998: gcc -c -g -O2  conftest.c >&5
configure:4998: $? = 0
configure:4998: result: yes
configure:4998: checking for string.h
configure:4998: gcc -c -g -O2  conftest.c >&5
configure:4998: $? = 0
configure:4998: result: yes
configure:4998: checking for memory.h
configure:4998: gcc -c -g -O2  conftest.c >&5
configure:4998: $? = 0
configure:4998: result: yes
configure:4998: checking for strings.h
configure:4998: gcc -c -g -O2  conftest.c >&5
configure:4998: $? = 0
configure:4998: result: yes
configure:4998: checking for inttypes.h
configure:4998: gcc -c -g -O2  conftest.c >&5
configure:4998: $? = 0
configure:4998: result: yes
configure:4998: checking for stdint.h
configure:4998: gcc -c -g -O2  conftest.c >&5
configure:4998: $? = 0
configure:4998: result: yes
configure:4998: checking for unistd.h
configure:4998: gcc -c -g -O2  conftest.c >&5
configure:4998: $? = 0
configure:4998: result: yes
configure:5010: checking CAENDigitizer.h usability
configure:5010: gcc -c -g -O2  conftest.c >&5
configure:5010: $? = 0
configure:5010: result: yes
configure:5010: checking CAENDigitizer.h presence
configure:5010: gcc -E  conftest.c
configure:5010: $? = 0
configure:5010: result: yes
configure:5010: checking for CAENDigitizer.h
configure:5010: result: yes
configure:5018: checking CAENDigitizerType.h usability
configure:5018: gcc -c -g -O2  conftest.c >&5
configure:5018: $? = 0
configure:5018: result: yes
configure:5018: checking CAENDigitizerType.h presence
configure:5018: gcc -E  conftest.c
configure:5018: $? = 0
configure:5018: result: yes
configure:5018: checking for CAENDigitizerType.h
configure:5018: result: yes
configure:5026: checking for CAEN_DGTZ_USB_A4818 in CAENDigitizerType.h
configure:5052: result: CAENDigitizerType.h
configure:5063: checking for library containing CAEN_DGTZ_LoadSAMCorrectionData
configure:5094: gcc -o conftest -g -O2   conftest.c -lm  >&5
/usr/bin/ld: /tmp/cc4pH5QY.o: in function `main':
/home/ruben/Documents/CAEN/wavedump-v3.12.0/conftest.c:35:(.text.startup+0xb): undefined reference to `CAEN_DGTZ_LoadSAMCorrectionData'
collect2: error: ld returned 1 exit status
configure:5094: $? = 1
configure: failed program was:
| /* confdefs.h */
| #define PACKAGE_NAME "wavedump"
| #define PACKAGE_TARNAME "wavedump"
| #define PACKAGE_VERSION "v3.12.0"
| #define PACKAGE_STRING "wavedump v3.12.0"
| #define PACKAGE_BUGREPORT "support.computing@caen.it"
| #define PACKAGE_URL ""
| #define PACKAGE "wavedump"
| #define VERSION "v3.12.0"
| #define LINUX 1
| #define HAVE_PTHREAD_PRIO_INHERIT 1
| #define HAVE_PTHREAD 1
| #define STDC_HEADERS 1
| #define HAVE_SYS_TYPES_H 1
| #define HAVE_SYS_STAT_H 1
| #define HAVE_STDLIB_H 1
| #define HAVE_STRING_H 1
| #define HAVE_MEMORY_H 1
| #define HAVE_STRINGS_H 1
| #define HAVE_INTTYPES_H 1
| #define HAVE_STDINT_H 1
| #define HAVE_UNISTD_H 1
| /* end confdefs.h.  */
| 
| /* Override any GCC internal prototype to avoid an error.
|    Use char because int might match the return type of a GCC
|    builtin and then its argument prototype would still apply.  */
| #ifdef __cplusplus
| extern "C"
| #endif
| char CAEN_DGTZ_LoadSAMCorrectionData ();
| int
| main ()
| {
| return CAEN_DGTZ_LoadSAMCorrectionData ();
|   ;
|   return 0;
| }
configure:5094: gcc -o conftest -g -O2   conftest.c -lCAENDigitizer  -lm  >&5
configure:5094: $? = 0
configure:5111: result: -lCAENDigitizer
configure:5121: checking for library containing CAENComm_Write32
configure:5152: gcc -o conftest -g -O2   conftest.c -lCAENDigitizer -lm  >&5
/usr/bin/ld: /tmp/ccLupNhL.o: in function `main':
/home/ruben/Documents/CAEN/wavedump-v3.12.0/conftest.c:35:(.text.startup+0xb): undefined reference to `CAENComm_Write32'
collect2: error: ld returned 1 exit status
configure:5152: $? = 1
configure: failed program was:
| /* confdefs.h */
| #define PACKAGE_NAME "wavedump"
| #define PACKAGE_TARNAME "wavedump"
| #define PACKAGE_VERSION "v3.12.0"
| #define PACKAGE_STRING "wavedump v3.12.0"
| #define PACKAGE_BUGREPORT "support.computing@caen.it"
| #define PACKAGE_URL ""
| #define PACKAGE "wavedump"
| #define VERSION "v3.12.0"
| #define LINUX 1
| #define HAVE_PTHREAD_PRIO_INHERIT 1
| #define HAVE_PTHREAD 1
| #define STDC_HEADERS 1
| #define HAVE_SYS_TYPES_H 1
| #define HAVE_SYS_STAT_H 1
| #define HAVE_STDLIB_H 1
| #define HAVE_STRING_H 1
| #define HAVE_MEMORY_H 1
| #define HAVE_STRINGS_H 1
| #define HAVE_INTTYPES_H 1
| #define HAVE_STDINT_H 1
| #define HAVE_UNISTD_H 1
| /* end confdefs.h.  */
| 
| /* Override any GCC internal prototype to avoid an error.
|    Use char because int might match the return type of a GCC
|    builtin and then its argument prototype would still apply.  */
| #ifdef __cplusplus
| extern "C"
| #endif
| char CAENComm_Write32 ();
| int
| main ()
| {
| return CAENComm_Write32 ();
|   ;
|   return 0;
| }
configure:5152: gcc -o conftest -g -O2   conftest.c -lCAENComm  -lCAENDigitizer -lm  >&5
configure:5152: $? = 0
configure:5169: result: -lCAENComm
configure:5183: checking for gnuplot
configure:5199: found /usr/bin/gnuplot
configure:5211: result: yes
configure:5367: checking that generated files are newer than configure
configure:5373: result: done
configure:5396: creating ./config.status

## ---------------------- ##
## Running config.status. ##
## ---------------------- ##

This file was extended by wavedump config.status v3.12.0, which was
generated by GNU Autoconf 2.69.  Invocation command line was

  CONFIG_FILES    = 
  CONFIG_HEADERS  = 
  CONFIG_LINKS    = 
  CONFIG_COMMANDS = 
  $ ./config.status 

on ruben-lenovo

config.status:791: creating Makefile
config.status:791: creating src/Makefile
config.status:963: executing depfiles commands

## ---------------- ##
## Cache variables. ##
## ---------------- ##

ac_cv_build=x86_64-unknown-linux-gnu
ac_cv_c_compiler_gnu=yes
ac_cv_env_CC_set=
ac_cv_env_CC_value=
ac_cv_env_CFLAGS_set=
ac_cv_env_CFLAGS_value=
ac_cv_env_CPPFLAGS_set=
ac_cv_env_CPPFLAGS_value=
ac_cv_env_CPP_set=
ac_cv_env_CPP_value=
ac_cv_env_LDFLAGS_set=
ac_cv_env_LDFLAGS_value=
ac_cv_env_LIBS_set=
ac_cv_env_LIBS_value=
ac_cv_env_build_alias_set=
ac_cv_env_build_alias_value=
ac_cv_env_host_alias_set=
ac_cv_env_host_alias_value=
ac_cv_env_target_alias_set=
ac_cv_env_target_alias_value=
ac_cv_header_CAENDigitizerType_h=yes
ac_cv_header_CAENDigitizer_h=yes
ac_cv_header_inttypes_h=yes
ac_cv_header_memory_h=yes
ac_cv_header_stdc=yes
ac_cv_header_stdint_h=yes
ac_cv_header_stdlib_h=yes
ac_cv_header_string_h=yes
ac_cv_header_strings_h=yes
ac_cv_header_sys_stat_h=yes
ac_cv_header_sys_types_h=yes
ac_cv_header_unistd_h=yes
ac_cv_host=x86_64-unknown-linux-gnu
ac_cv_objext=o
ac_cv_path_EGREP='/usr/bin/grep -E'
ac_cv_path_GREP=/usr/bin/grep
ac_cv_path_install='/usr/bin/install -c'
ac_cv_path_mkdir=/usr/bin/mkdir
ac_cv_prog_AWK=gawk
ac_cv_prog_CPP='gcc -E'
ac_cv_prog_GNUPLOT=yes
ac_cv_prog_ac_ct_CC=gcc
ac_cv_prog_cc_c89=
ac_cv_prog_cc_c99=
ac_cv_prog_cc_g=yes
ac_cv_prog_make_make_set=yes
ac_cv_search_CAENComm_Write32=-lCAENComm
ac_cv_search_CAEN_DGTZ_LoadSAMCorrectionData=-lCAENDigitizer
ac_cv_search_sqrt=-lm
am_cv_CC_dependencies_compiler_type=gcc3
am_cv_make_support_nested_variables=yes
am_cv_prog_cc_c_o=yes
am_cv_prog_tar_ustar=gnutar
ax_cv_PTHREAD_PRIO_INHERIT=yes

## ----------------- ##
## Output variables. ##
## ----------------- ##

ACLOCAL='${SHELL} /home/ruben/Documents/CAEN/wavedump-v3.12.0/missing aclocal-1.14'
AMDEPBACKSLASH='\'
AMDEP_FALSE='#'
AMDEP_TRUE=''
AMTAR='$${TAR-tar}'
AM_BACKSLASH='\'
AM_DEFAULT_V='$(AM_DEFAULT_VERBOSITY)'
AM_DEFAULT_VERBOSITY='1'
AM_V='$(V)'
AUTOCONF='${SHELL} /home/ruben/Documents/CAEN/wavedump-v3.12.0/missing autoconf'
AUTOHEADER='${SHELL} /home/ruben/Documents/CAEN/wavedump-v3.12.0/missing autoheader'
AUTOMAKE='${SHELL} /home/ruben/Documents/CAEN/wavedump-v3.12.0/missing automake-1.14'
AWK='gawk'
CC='gcc'
CCDEPMODE='depmode=gcc3'
CFLAGS='-g -O2'
CPP='gcc -E'
CPPFLAGS=''
CYGPATH_W='echo'
DEFS='-DPACKAGE_NAME=\"wavedump\" -DPACKAGE_TARNAME=\"wavedump\" -DPACKAGE_VERSION=\"v3.12.0\" -DPACKAGE_STRING=\"wavedump\ v3.12.0\" -DPACKAGE_BUGREPORT=\"support.computing@caen.it\" -DPACKAGE_URL=\"\" -DPACKAGE=\"wavedump\" -DVERSION=\"v3.12.0\" -DLINUX=1 -DHAVE_PTHREAD_PRIO_INHERIT=1 -DHAVE_PTHREAD=1 -DSTDC_HEADERS=1 -DHAVE_SYS_TYPES_H=1 -DHAVE_SYS_STAT_H=1 -DHAVE_STDLIB_H=1 -DHAVE_STRING_H=1 -DHAVE_MEMORY_H=1 -DHAVE_STRINGS_H=1 -DHAVE_INTTYPES_H=1 -DHAVE_STDINT_H=1 -DHAVE_UNISTD_H=1'
DEPDIR='.deps'
ECHO_C=''
ECHO_N='-n'
ECHO_T=''
EGREP='/usr/bin/grep -E'
EXEEXT=''
GNUPLOT='yes'
GREP='/usr/bin/grep'
INSTALL_DATA='${INSTALL} -m 644'
INSTALL_PROGRAM='${INSTALL}'
INSTALL_SCRIPT='${INSTALL}'
INSTALL_STRIP_PROGRAM='$(install_sh) -c -s'
LDFLAGS=''
LIBOBJS=''
LIBS='-lCAENComm -lCAENDigitizer -lm '
LTLIBOBJS=''
MAKEINFO='${SHELL} /home/ruben/Documents/CAEN/wavedump-v3.12.0/missing makeinfo'
MKDIR_P='/usr/bin/mkdir -p'
OBJEXT='o'
PACKAGE='wavedump'
PACKAGE_BUGREPORT='support.computing@caen.it'
PACKAGE_NAME='wavedump'
PACKAGE_STRING='wavedump v3.12.0'
PACKAGE_TARNAME='wavedump'
PACKAGE_URL=''
PACKAGE_VERSION='v3.12.0'
PATH_SEPARATOR=':'
PTHREAD_CC='gcc'
PTHREAD_CFLAGS=''
PTHREAD_LIBS=''
SET_MAKE=''
SHELL='/bin/bash'
STRIP=''
VERSION='v3.12.0'
ac_ct_CC='gcc'
am__EXEEXT_FALSE=''
am__EXEEXT_TRUE='#'
am__fastdepCC_FALSE='#'
am__fastdepCC_TRUE=''
am__include='include'
am__isrc=''
am__leading_dot='.'
am__nodep='_no'
am__quote=''
am__tar='tar --format=ustar -chf - "$$tardir"'
am__untar='tar -xf -'
ax_pthread_config=''
bindir='${exec_prefix}/bin'
build='x86_64-unknown-linux-gnu'
build_alias=''
build_cpu='x86_64'
build_os='linux-gnu'
build_vendor='unknown'
datadir='${datarootdir}'
datarootdir='${prefix}/share'
docdir='${datarootdir}/doc/${PACKAGE_TARNAME}'
dvidir='${docdir}'
exec_prefix='${prefix}'
host='x86_64-unknown-linux-gnu'
host_alias=''
host_cpu='x86_64'
host_os='linux-gnu'
host_vendor='unknown'
htmldir='${docdir}'
includedir='${prefix}/include'
infodir='${datarootdir}/info'
install_sh='${SHELL} /home/ruben/Documents/CAEN/wavedump-v3.12.0/install-sh'
libdir='${exec_prefix}/lib'
libexecdir='${exec_prefix}/libexec'
localedir='${datarootdir}/locale'
localstatedir='${prefix}/var'
mandir='${datarootdir}/man'
mkdir_p='$(MKDIR_P)'
oldincludedir='/usr/include'
pdfdir='${docdir}'
prefix='/usr/local'
program_transform_name='s,x,x,'
psdir='${docdir}'
sbindir='${exec_prefix}/sbin'
sharedstatedir='${prefix}/com'
sysconfdir='${prefix}/etc'
target_alias=''

## ----------- ##
## confdefs.h. ##
## ----------- ##

/* confdefs.h */
#define PACKAGE_NAME "wavedump"
#define PACKAGE_TARNAME "wavedump"
#define PACKAGE_VERSION "v3.12.0"
#define PACKAGE_STRING "wavedump v3.12.0"
#define PACKAGE_BUGREPORT "support.computing@caen.it"
#define PACKAGE_URL ""
#define PACKAGE "wavedump"
#define VERSION "v3.12.0"
#define LINUX 1
#define HAVE_PTHREAD_PRIO_INHERIT 1
#define HAVE_PTHREAD 1
#define STDC_HEADERS 1
#define HAVE_SYS_TYPES_H 1
#define HAVE_SYS_STAT_H 1
#define HAVE_STDLIB_H 1
#define HAVE_STRING_H 1
#define HAVE_MEMORY_H 1
#define HAVE_STRINGS_H 1
#define HAVE_INTTYPES_H 1
#define HAVE_STDINT_H 1
#define HAVE_UNISTD_H 1

configure: exit 0
